#redis set zset的用法

#sadd 添加
sadd set1 hello

#smembers 查看set中所有元素
smember set1

#srem 删除
srem set1 hello

#spop 随机返回并删除一个元素

#sdiff 返回给定的key与第一个key的差集
sdiff set1 set2 #set1存在 set2不存在的元素

#sdiffstore set3 set1 set2 #set1存在 set2不存在的元素存入set3 注意顺序

#sinter 交集
sinter set1 set2

#sinterstore set3 set1 set2 #set1和set2的交集存入set3 注意顺序


#sunion 并集

sunionstore set3 set1 set2 #set1 set2并集存储到set3

smove set1 set2 value # 将value从set1移动到set2 set1中删除

scard 查看set中元素个数

sismember set1 value # value是否是set1中的元素
是返回1 不是返回0

srandmember set1 # 随机返回set1中一个元素 不删除


#############################
#zsort
#############################
zadd zset1 n value # 指定value顺序为n

# zrange zset1 0 -1 withscores
127.0.0.1:6379> zadd zset1 1 one
(integer) 1
127.0.0.1:6379> zadd zset1 2 two
(integer) 1
127.0.0.1:6379> zadd zset1 3 two
(integer) 0
127.0.0.1:6379> zrange zset1 0 -1 withscore
(error) ERR syntax error
127.0.0.1:6379> zrange zset1 0 -1 withscores
1) "one"
2) "1"
3) "two"
4) "3"

zrem zset1 member # 删除zset1中的member

zincrby zset1 n member #如果存在member则score增n如果不存在则插入 score设为n

zrank zset1 member #返回zset1 member的索引  按score升序排列

zrevrank zset1 member #返回zset1 member的索引  按score降序排列

zrevrange zset1 0 -1 #按score降序排列

zrangebyscore zset1 n1 n2 #取score位于n1 n2之间的member

zcount zset1 n1 n2 #取score位于n1 n2之间的数量

zcards zset1 #返回zset1中元素的数量

zremrangebyrank zset1 n1 n2  #删除索引在n1 n2之间的元素删除 默认score升序排列
zremrangebyrank zset1 1 1 #只删除索引1位置的元素

zremrangebyscore zset1 n1 n2 #删除score为n1 n2之间的删除

